// Jest Snapshot v1, https://goo.gl/fbAQLP

exports[`renders correctly 1`] = `
<div
  className="App flex-container"
>
  <div
    className="About"
  >
    <p>
      This is about page
    </p>
    <p>
      <Link
        replace={false}
        to="/"
      >
        Go to the home page
      </Link>
    </p>
  </div>
</div>
`;
